// Jest Snapshot v1, https://goo.gl/fbAQLP

exports[`snapshot 1`] = `
<button
  className="sc-bdVaJa iPNehR"
/>
`;
